// Jest Snapshot v1, https://goo.gl/fbAQLP

exports[`<View /> should present some data 1`] = `
ShallowWrapper {
  Symbol(enzyme.__root__): [Circular],
  Symbol(enzyme.__unrendered__): <MonthlyReadingView
    data={
      Array [
        Object {
          "elecCon": 0.265,
          "electricityLow": 2150.714,
          "electricityNormal": 2702.641,
          "gas": 3781.676,
          "recordDate": 2018-01-05T00:00:00.000Z,
        },
        Object {
          "elecCon": 0.265,
          "electricityLow": 2150.714,
          "electricityNormal": 2702.641,
          "gas": 3781.676,
          "recordDate": 2018-01-06T00:00:00.000Z,
        },
      ]
    }
  />,
  Symbol(enzyme.__renderer__): Object {
    "batchedUpdates": [Function],
    "checkPropTypes": [Function],
    "getNode": [Function],
    "render": [Function],
    "simulateError": [Function],
    "simulateEvent": [Function],
    "unmount": [Function],
  },
  Symbol(enzyme.__node__): Object {
    "instance": null,
    "key": undefined,
    "nodeType": "function",
    "props": Object {
      "borderless": true,
      "children": Array [
        <thead>
          <tr>
            <th>
              Date
            </th>
            <th>
              Electricity (low)
            </th>
            <th>
              Electricity (normal)
            </th>
            <th>
              Gas
            </th>
          </tr>
        </thead>,
        <tbody>
          <tr>
            <td>
              05 Jan 2018
            </td>
            <td>
              2150.714
               kWh
            </td>
            <td>
              2702.641
               kWh
            </td>
            <td>
              3781.676
               m
              <sup>
                3
              </sup>
            </td>
          </tr>
          <tr>
            <td>
              06 Jan 2018
            </td>
            <td>
              2150.714
               kWh
            </td>
            <td>
              2702.641
               kWh
            </td>
            <td>
              3781.676
               m
              <sup>
                3
              </sup>
            </td>
          </tr>
        </tbody>,
      ],
      "responsive": true,
      "responsiveTag": "div",
      "tag": "table",
    },
    "ref": null,
    "rendered": Array [
      Object {
        "instance": null,
        "key": undefined,
        "nodeType": "host",
        "props": Object {
          "children": <tr>
            <th>
              Date
            </th>
            <th>
              Electricity (low)
            </th>
            <th>
              Electricity (normal)
            </th>
            <th>
              Gas
            </th>
          </tr>,
        },
        "ref": null,
        "rendered": Object {
          "instance": null,
          "key": undefined,
          "nodeType": "host",
          "props": Object {
            "children": Array [
              <th>
                Date
              </th>,
              <th>
                Electricity (low)
              </th>,
              <th>
                Electricity (normal)
              </th>,
              <th>
                Gas
              </th>,
            ],
          },
          "ref": null,
          "rendered": Array [
            Object {
              "instance": null,
              "key": undefined,
              "nodeType": "host",
              "props": Object {
                "children": "Date",
              },
              "ref": null,
              "rendered": "Date",
              "type": "th",
            },
            Object {
              "instance": null,
              "key": undefined,
              "nodeType": "host",
              "props": Object {
                "children": "Electricity (low)",
              },
              "ref": null,
              "rendered": "Electricity (low)",
              "type": "th",
            },
            Object {
              "instance": null,
              "key": undefined,
              "nodeType": "host",
              "props": Object {
                "children": "Electricity (normal)",
              },
              "ref": null,
              "rendered": "Electricity (normal)",
              "type": "th",
            },
            Object {
              "instance": null,
              "key": undefined,
              "nodeType": "host",
              "props": Object {
                "children": "Gas",
              },
              "ref": null,
              "rendered": "Gas",
              "type": "th",
            },
          ],
          "type": "tr",
        },
        "type": "thead",
      },
      Object {
        "instance": null,
        "key": undefined,
        "nodeType": "host",
        "props": Object {
          "children": Array [
            <tr>
              <td>
                05 Jan 2018
              </td>
              <td>
                2150.714
                 kWh
              </td>
              <td>
                2702.641
                 kWh
              </td>
              <td>
                3781.676
                 m
                <sup>
                  3
                </sup>
              </td>
            </tr>,
            <tr>
              <td>
                06 Jan 2018
              </td>
              <td>
                2150.714
                 kWh
              </td>
              <td>
                2702.641
                 kWh
              </td>
              <td>
                3781.676
                 m
                <sup>
                  3
                </sup>
              </td>
            </tr>,
          ],
        },
        "ref": null,
        "rendered": Array [
          Object {
            "instance": null,
            "key": "0",
            "nodeType": "host",
            "props": Object {
              "children": Array [
                <td>
                  05 Jan 2018
                </td>,
                <td>
                  2150.714
                   kWh
                </td>,
                <td>
                  2702.641
                   kWh
                </td>,
                <td>
                  3781.676
                   m
                  <sup>
                    3
                  </sup>
                </td>,
              ],
            },
            "ref": null,
            "rendered": Array [
              Object {
                "instance": null,
                "key": undefined,
                "nodeType": "host",
                "props": Object {
                  "children": "05 Jan 2018",
                },
                "ref": null,
                "rendered": "05 Jan 2018",
                "type": "td",
              },
              Object {
                "instance": null,
                "key": undefined,
                "nodeType": "host",
                "props": Object {
                  "children": Array [
                    2150.714,
                    " kWh",
                  ],
                },
                "ref": null,
                "rendered": Array [
                  2150.714,
                  " kWh",
                ],
                "type": "td",
              },
              Object {
                "instance": null,
                "key": undefined,
                "nodeType": "host",
                "props": Object {
                  "children": Array [
                    2702.641,
                    " kWh",
                  ],
                },
                "ref": null,
                "rendered": Array [
                  2702.641,
                  " kWh",
                ],
                "type": "td",
              },
              Object {
                "instance": null,
                "key": undefined,
                "nodeType": "host",
                "props": Object {
                  "children": Array [
                    3781.676,
                    " m",
                    <sup>
                      3
                    </sup>,
                  ],
                },
                "ref": null,
                "rendered": Array [
                  3781.676,
                  " m",
                  Object {
                    "instance": null,
                    "key": undefined,
                    "nodeType": "host",
                    "props": Object {
                      "children": "3",
                    },
                    "ref": null,
                    "rendered": "3",
                    "type": "sup",
                  },
                ],
                "type": "td",
              },
            ],
            "type": "tr",
          },
          Object {
            "instance": null,
            "key": "1",
            "nodeType": "host",
            "props": Object {
              "children": Array [
                <td>
                  06 Jan 2018
                </td>,
                <td>
                  2150.714
                   kWh
                </td>,
                <td>
                  2702.641
                   kWh
                </td>,
                <td>
                  3781.676
                   m
                  <sup>
                    3
                  </sup>
                </td>,
              ],
            },
            "ref": null,
            "rendered": Array [
              Object {
                "instance": null,
                "key": undefined,
                "nodeType": "host",
                "props": Object {
                  "children": "06 Jan 2018",
                },
                "ref": null,
                "rendered": "06 Jan 2018",
                "type": "td",
              },
              Object {
                "instance": null,
                "key": undefined,
                "nodeType": "host",
                "props": Object {
                  "children": Array [
                    2150.714,
                    " kWh",
                  ],
                },
                "ref": null,
                "rendered": Array [
                  2150.714,
                  " kWh",
                ],
                "type": "td",
              },
              Object {
                "instance": null,
                "key": undefined,
                "nodeType": "host",
                "props": Object {
                  "children": Array [
                    2702.641,
                    " kWh",
                  ],
                },
                "ref": null,
                "rendered": Array [
                  2702.641,
                  " kWh",
                ],
                "type": "td",
              },
              Object {
                "instance": null,
                "key": undefined,
                "nodeType": "host",
                "props": Object {
                  "children": Array [
                    3781.676,
                    " m",
                    <sup>
                      3
                    </sup>,
                  ],
                },
                "ref": null,
                "rendered": Array [
                  3781.676,
                  " m",
                  Object {
                    "instance": null,
                    "key": undefined,
                    "nodeType": "host",
                    "props": Object {
                      "children": "3",
                    },
                    "ref": null,
                    "rendered": "3",
                    "type": "sup",
                  },
                ],
                "type": "td",
              },
            ],
            "type": "tr",
          },
        ],
        "type": "tbody",
      },
    ],
    "type": [Function],
  },
  Symbol(enzyme.__nodes__): Array [
    Object {
      "instance": null,
      "key": undefined,
      "nodeType": "function",
      "props": Object {
        "borderless": true,
        "children": Array [
          <thead>
            <tr>
              <th>
                Date
              </th>
              <th>
                Electricity (low)
              </th>
              <th>
                Electricity (normal)
              </th>
              <th>
                Gas
              </th>
            </tr>
          </thead>,
          <tbody>
            <tr>
              <td>
                05 Jan 2018
              </td>
              <td>
                2150.714
                 kWh
              </td>
              <td>
                2702.641
                 kWh
              </td>
              <td>
                3781.676
                 m
                <sup>
                  3
                </sup>
              </td>
            </tr>
            <tr>
              <td>
                06 Jan 2018
              </td>
              <td>
                2150.714
                 kWh
              </td>
              <td>
                2702.641
                 kWh
              </td>
              <td>
                3781.676
                 m
                <sup>
                  3
                </sup>
              </td>
            </tr>
          </tbody>,
        ],
        "responsive": true,
        "responsiveTag": "div",
        "tag": "table",
      },
      "ref": null,
      "rendered": Array [
        Object {
          "instance": null,
          "key": undefined,
          "nodeType": "host",
          "props": Object {
            "children": <tr>
              <th>
                Date
              </th>
              <th>
                Electricity (low)
              </th>
              <th>
                Electricity (normal)
              </th>
              <th>
                Gas
              </th>
            </tr>,
          },
          "ref": null,
          "rendered": Object {
            "instance": null,
            "key": undefined,
            "nodeType": "host",
            "props": Object {
              "children": Array [
                <th>
                  Date
                </th>,
                <th>
                  Electricity (low)
                </th>,
                <th>
                  Electricity (normal)
                </th>,
                <th>
                  Gas
                </th>,
              ],
            },
            "ref": null,
            "rendered": Array [
              Object {
                "instance": null,
                "key": undefined,
                "nodeType": "host",
                "props": Object {
                  "children": "Date",
                },
                "ref": null,
                "rendered": "Date",
                "type": "th",
              },
              Object {
                "instance": null,
                "key": undefined,
                "nodeType": "host",
                "props": Object {
                  "children": "Electricity (low)",
                },
                "ref": null,
                "rendered": "Electricity (low)",
                "type": "th",
              },
              Object {
                "instance": null,
                "key": undefined,
                "nodeType": "host",
                "props": Object {
                  "children": "Electricity (normal)",
                },
                "ref": null,
                "rendered": "Electricity (normal)",
                "type": "th",
              },
              Object {
                "instance": null,
                "key": undefined,
                "nodeType": "host",
                "props": Object {
                  "children": "Gas",
                },
                "ref": null,
                "rendered": "Gas",
                "type": "th",
              },
            ],
            "type": "tr",
          },
          "type": "thead",
        },
        Object {
          "instance": null,
          "key": undefined,
          "nodeType": "host",
          "props": Object {
            "children": Array [
              <tr>
                <td>
                  05 Jan 2018
                </td>
                <td>
                  2150.714
                   kWh
                </td>
                <td>
                  2702.641
                   kWh
                </td>
                <td>
                  3781.676
                   m
                  <sup>
                    3
                  </sup>
                </td>
              </tr>,
              <tr>
                <td>
                  06 Jan 2018
                </td>
                <td>
                  2150.714
                   kWh
                </td>
                <td>
                  2702.641
                   kWh
                </td>
                <td>
                  3781.676
                   m
                  <sup>
                    3
                  </sup>
                </td>
              </tr>,
            ],
          },
          "ref": null,
          "rendered": Array [
            Object {
              "instance": null,
              "key": "0",
              "nodeType": "host",
              "props": Object {
                "children": Array [
                  <td>
                    05 Jan 2018
                  </td>,
                  <td>
                    2150.714
                     kWh
                  </td>,
                  <td>
                    2702.641
                     kWh
                  </td>,
                  <td>
                    3781.676
                     m
                    <sup>
                      3
                    </sup>
                  </td>,
                ],
              },
              "ref": null,
              "rendered": Array [
                Object {
                  "instance": null,
                  "key": undefined,
                  "nodeType": "host",
                  "props": Object {
                    "children": "05 Jan 2018",
                  },
                  "ref": null,
                  "rendered": "05 Jan 2018",
                  "type": "td",
                },
                Object {
                  "instance": null,
                  "key": undefined,
                  "nodeType": "host",
                  "props": Object {
                    "children": Array [
                      2150.714,
                      " kWh",
                    ],
                  },
                  "ref": null,
                  "rendered": Array [
                    2150.714,
                    " kWh",
                  ],
                  "type": "td",
                },
                Object {
                  "instance": null,
                  "key": undefined,
                  "nodeType": "host",
                  "props": Object {
                    "children": Array [
                      2702.641,
                      " kWh",
                    ],
                  },
                  "ref": null,
                  "rendered": Array [
                    2702.641,
                    " kWh",
                  ],
                  "type": "td",
                },
                Object {
                  "instance": null,
                  "key": undefined,
                  "nodeType": "host",
                  "props": Object {
                    "children": Array [
                      3781.676,
                      " m",
                      <sup>
                        3
                      </sup>,
                    ],
                  },
                  "ref": null,
                  "rendered": Array [
                    3781.676,
                    " m",
                    Object {
                      "instance": null,
                      "key": undefined,
                      "nodeType": "host",
                      "props": Object {
                        "children": "3",
                      },
                      "ref": null,
                      "rendered": "3",
                      "type": "sup",
                    },
                  ],
                  "type": "td",
                },
              ],
              "type": "tr",
            },
            Object {
              "instance": null,
              "key": "1",
              "nodeType": "host",
              "props": Object {
                "children": Array [
                  <td>
                    06 Jan 2018
                  </td>,
                  <td>
                    2150.714
                     kWh
                  </td>,
                  <td>
                    2702.641
                     kWh
                  </td>,
                  <td>
                    3781.676
                     m
                    <sup>
                      3
                    </sup>
                  </td>,
                ],
              },
              "ref": null,
              "rendered": Array [
                Object {
                  "instance": null,
                  "key": undefined,
                  "nodeType": "host",
                  "props": Object {
                    "children": "06 Jan 2018",
                  },
                  "ref": null,
                  "rendered": "06 Jan 2018",
                  "type": "td",
                },
                Object {
                  "instance": null,
                  "key": undefined,
                  "nodeType": "host",
                  "props": Object {
                    "children": Array [
                      2150.714,
                      " kWh",
                    ],
                  },
                  "ref": null,
                  "rendered": Array [
                    2150.714,
                    " kWh",
                  ],
                  "type": "td",
                },
                Object {
                  "instance": null,
                  "key": undefined,
                  "nodeType": "host",
                  "props": Object {
                    "children": Array [
                      2702.641,
                      " kWh",
                    ],
                  },
                  "ref": null,
                  "rendered": Array [
                    2702.641,
                    " kWh",
                  ],
                  "type": "td",
                },
                Object {
                  "instance": null,
                  "key": undefined,
                  "nodeType": "host",
                  "props": Object {
                    "children": Array [
                      3781.676,
                      " m",
                      <sup>
                        3
                      </sup>,
                    ],
                  },
                  "ref": null,
                  "rendered": Array [
                    3781.676,
                    " m",
                    Object {
                      "instance": null,
                      "key": undefined,
                      "nodeType": "host",
                      "props": Object {
                        "children": "3",
                      },
                      "ref": null,
                      "rendered": "3",
                      "type": "sup",
                    },
                  ],
                  "type": "td",
                },
              ],
              "type": "tr",
            },
          ],
          "type": "tbody",
        },
      ],
      "type": [Function],
    },
  ],
  Symbol(enzyme.__options__): Object {
    "adapter": ReactSixteenAdapter {
      "options": Object {
        "enableComponentDidUpdateOnSetState": true,
        "legacyContextMode": "parent",
        "lifecycles": Object {
          "componentDidUpdate": Object {
            "onSetState": true,
          },
          "getChildContext": Object {
            "calledByRenderer": false,
          },
          "getDerivedStateFromError": true,
          "getDerivedStateFromProps": Object {
            "hasShouldComponentUpdateBug": true,
          },
          "getSnapshotBeforeUpdate": true,
          "setState": Object {
            "skipsComponentDidUpdateOnNullish": true,
          },
        },
      },
    },
    "attachTo": undefined,
    "hydrateIn": undefined,
  },
}
`;
