// Jest Snapshot v1, https://goo.gl/fbAQLP

exports[`<Footer /> should render 1`] = `
<footer
  className="footer"
>
  <div
    className="container"
  >
    <span
      className="text-muted"
    >
      Â© 2016 - 2019 Maarten Mulders. Source code is available at 
      <a
        href="https://github.com/mthmulders/hyperion-web"
        target="_blank"
      >
        GitHub
      </a>
      .
    </span>
  </div>
</footer>
`;
