// Jest Snapshot v1, https://goo.gl/fbAQLP

exports[`<Navigation /> should show menu bar 1`] = `
<nav
  className="navbar navbar-expand-md navbar-dark bg-primary"
>
  <div
    className="container"
  >
    <button
      aria-label="Toggle navigation"
      className="navbar-toggler"
      onClick={[Function]}
      type="button"
    >
      <span
        className="navbar-toggler-icon"
      />
    </button>
    <div
      aria-expanded="false"
      className="collapse navbar-collapse"
      style={Object {}}
    >
      <ul
        className="md-auto navbar-nav"
      >
        <li
          className="nav-item"
        >
          <a
            className="nav-link"
            href="/"
            onClick={[Function]}
          >
            Home
          </a>
        </li>
        <li
          className="nav-item"
        >
          <a
            className="nav-link"
            href="/live"
            onClick={[Function]}
          >
            Live
          </a>
        </li>
        <li
          className="nav-item"
        >
          <a
            className="nav-link"
            href="/recent"
            onClick={[Function]}
          >
            Recent
          </a>
        </li>
        <li
          className="dropdown nav-item"
          onKeyDown={[Function]}
        >
          <a
            aria-expanded={false}
            aria-haspopup={true}
            className="dropdown-toggle nav-link"
            context={
              Object {
                "direction": "down",
                "disabled": undefined,
                "inNavbar": true,
                "isOpen": false,
                "toggle": [Function],
              }
            }
            href="#"
            onClick={[Function]}
          >
            History
          </a>
          <div
            aria-hidden={true}
            className="navbar-light dropdown-menu"
            context={
              Object {
                "direction": "down",
                "disabled": undefined,
                "inNavbar": true,
                "isOpen": false,
                "toggle": [Function],
              }
            }
            role="menu"
            tabIndex="-1"
          >
            <a
              className="dropdown-item"
              context={
                Object {
                  "direction": "down",
                  "disabled": undefined,
                  "inNavbar": true,
                  "isOpen": false,
                  "toggle": [Function],
                }
              }
              href="/history/daily"
              onClick={[Function]}
              role="menuitem"
              tabIndex="0"
            >
              Daily
            </a>
            <a
              className="dropdown-item"
              context={
                Object {
                  "direction": "down",
                  "disabled": undefined,
                  "inNavbar": true,
                  "isOpen": false,
                  "toggle": [Function],
                }
              }
              href="/history/monthly"
              onClick={[Function]}
              role="menuitem"
              tabIndex="0"
            >
              Monthly
            </a>
          </div>
        </li>
        <li
          className="dropdown nav-item"
          onKeyDown={[Function]}
        >
          <a
            aria-expanded={false}
            aria-haspopup={true}
            className="dropdown-toggle nav-link"
            context={
              Object {
                "direction": "down",
                "disabled": undefined,
                "inNavbar": true,
                "isOpen": false,
                "toggle": [Function],
              }
            }
            href="#"
            onClick={[Function]}
          >
            Usage
          </a>
          <div
            aria-hidden={true}
            className="navbar-light dropdown-menu"
            context={
              Object {
                "direction": "down",
                "disabled": undefined,
                "inNavbar": true,
                "isOpen": false,
                "toggle": [Function],
              }
            }
            role="menu"
            tabIndex="-1"
          >
            <a
              className="dropdown-item"
              context={
                Object {
                  "direction": "down",
                  "disabled": undefined,
                  "inNavbar": true,
                  "isOpen": false,
                  "toggle": [Function],
                }
              }
              href="/usage/monthly"
              onClick={[Function]}
              role="menuitem"
              tabIndex="0"
            >
              Monthly
            </a>
          </div>
        </li>
        <li
          className="nav-item"
        >
          <a
            className="nav-link"
            href="/about"
            onClick={[Function]}
          >
            About
          </a>
        </li>
      </ul>
    </div>
  </div>
</nav>
`;
